// Vitest Snapshot v1, https://vitest.dev/guide/snapshot.html

exports[`<Button /> > should click to macth sotnapsh 1`] = `
.c0 {
  border: none;
  background-color: #227bd4;
  padding: 1rem;
  color: #FFFF;
  font-size: 1.4rem;
  border-radius: 0.5rem;
  cursor: pointer;
  transition: all 300ms ease-in-out;
}

.c0:hover {
  background-color: #FFFF;
  color: #227bd4;
  border: 0.1rem solid #227bd4;
}

<button
  class="c0"
  type="submit"
>
  button
</button>
`;
