// Vitest Snapshot v1, https://vitest.dev/guide/snapshot.html

exports[`<Heading /> > should rto mactch snapshot 1`] = `
.c0 {
  text-align: center;
  padding-top: 1rem;
  margin-bottom: 3rem;
  text-transform: uppercase;
}

<h1
  class="c0"
>
  test
</h1>
`;
